
   *** Running Q3 Simulator ***

  *** SETUP ***

  No input file for current was found, a hard-coded current profile will be used


  *** RUNNING *** 

  0.033 hours:  Entering Standby mode

  6.231 hours:  Entering Cooling Mode because BATTERY_INLET_TEMP > B_COOLANT_TARGET      -->  296.150 > 296.150
  7.256 hours:  Leaving  Cooling Mode because TECLAST < (B_COOLANT_TARGET - TWO)         -->  293.150 < 294.150
                                     
  7.256 hours:  Entering Standby mode

  9.646 hours:  Entering Cooling Mode because BATTERY_INLET_TEMP > B_COOLANT_TARGET      -->  296.150 > 296.150
 18.275 hours:  Leaving  Cooling Mode because TECLAST < (B_COOLANT_TARGET - TWO)         -->  293.150 < 294.150
                                     
 18.275 hours:  Entering Standby mode

 20.158 hours:  Entering Cooling Mode because BATTERY_INLET_TEMP > B_COOLANT_TARGET      -->  296.150 > 296.150
 21.195 hours:  Leaving  Cooling Mode because TECLAST < (B_COOLANT_TARGET - TWO)         -->  293.150 < 294.150
                                     
 21.195 hours:  Entering Standby mode


 *** RUN SUMMARY ***

 AVERAGE AMBIENT TEMPERATURE:       45.00 degrees C

 BATTERY HEAT GENERATED:           225.17 kW*hrs
 HEAT EXCHANGE WITH AMBIENT AIR:    72.81 kW*hrs
 RADIATION HEAT LOAD:               49.35 kW*hrs

 AUX ENERGY USED:                  180.68 kW*hrs
   OPERATING AUX:                   83.08 kW*hrs
     RESTING AUX:                   87.29 kW*hrs
      IDLING AUX:                   10.32 kW*hrs

   CHILLER AUX:                    172.49 kW*hrs   (1.73 Chiller COP)
   HVAC AUX:                         0.00 kW*hrs
   DEHUMIDIFIER AUX:                 1.00 kW*hrs
   AUX LOAD  1:                      7.20 kW*hrs

 INITIAL SOH:                      100.00
 END-OF-YEAR SOH (directional):     94.60


