
   *** Running Q3 Simulator ***

  *** SETUP ***

  No input file for current was found, a hard-coded current profile will be used


  *** RUNNING *** 

  0.033 hours:  Entering Standby mode

  9.262 hours:  Entering Cooling Mode because BATTERY_INLET_TEMP > B_COOLANT_TARGET      -->  296.150 > 296.150
 18.020 hours:  Leaving  Cooling Mode because TECLAST < (B_COOLANT_TARGET - TWO)         -->  293.150 < 294.150
                                     
 18.020 hours:  Entering Standby mode

 20.853 hours:  Entering Cooling Mode because BATTERY_INLET_TEMP > B_COOLANT_TARGET      -->  296.150 > 296.150
 21.828 hours:  Leaving  Cooling Mode because TECLAST < (B_COOLANT_TARGET - TWO)         -->  293.150 < 294.150
                                     
 21.828 hours:  Entering Standby mode


 *** RUN SUMMARY ***

 AVERAGE AMBIENT TEMPERATURE:       35.00 degrees C

 BATTERY HEAT GENERATED:           225.17 kW*hrs
 HEAT EXCHANGE WITH AMBIENT AIR:    48.56 kW*hrs
 RADIATION HEAT LOAD:               49.35 kW*hrs

 AUX ENERGY USED:                  157.88 kW*hrs
   OPERATING AUX:                   74.74 kW*hrs
     RESTING AUX:                   72.15 kW*hrs
      IDLING AUX:                   10.99 kW*hrs

   CHILLER AUX:                    149.68 kW*hrs   (1.83 Chiller COP)
   HVAC AUX:                         0.00 kW*hrs
   DEHUMIDIFIER AUX:                 1.00 kW*hrs
   AUX LOAD  1:                      7.20 kW*hrs

 INITIAL SOH:                      100.00
 END-OF-YEAR SOH (directional):     94.66


